nohup: ignoring input
your url is: https://plenty-cougars-guess.loca.lt
Terminated

> global-shop@0.0.0 dev
> vite --host

Port 5173 is in use, trying another one...
Port 5174 is in use, trying another one...
Port 5175 is in use, trying another one...

  VITE v7.3.0  ready in 213 ms

  ➜  Local:   http://localhost:5176/
  ➜  Network: http://192.168.29.125:5176/
Killed

> global-shop@0.0.0 dev
> vite --host


  VITE v7.3.0  ready in 187 ms

  ➜  Local:   http://localhost:5173/
  ➜  Network: http://192.168.29.125:5173/
12:38:46 AM [vite] vite.config.ts changed, restarting server...
12:38:47 AM [vite] server restarted.
Killed

> global-shop@0.0.0 dev
> vite --host


  VITE v7.3.0  ready in 217 ms

  ➜  Local:   http://localhost:5173/
  ➜  Network: http://192.168.29.125:5173/
12:45:14 AM [vite] (client) hmr update /src/components/Scanner.tsx, /src/index.css
12:45:15 AM [vite] (client) hmr update /src/App.tsx, /src/index.css
12:48:35 AM [vite] (client) Pre-transform error: /home/pranshu/global-shop/src/components/Scanner.tsx: Support for the experimental syntax 'decorators' isn't currently enabled (205:1):

  203 |             
  204 |             <style>{`
> 205 | @keyframes scan {
      | ^
  206 |     0 % { top: 10 %; opacity: 0; }
  207 |     50 % { opacity: 1; }
  208 |     100 % { top: 90 %; opacity: 0; }

Add @babel/plugin-proposal-decorators (https://github.com/babel/babel/tree/main/packages/babel-plugin-proposal-decorators) to the 'plugins' section of your Babel config to enable transformation.
If you want to leave it as-is, add @babel/plugin-syntax-decorators (https://github.com/babel/babel/tree/main/packages/babel-plugin-syntax-decorators) to the 'plugins' section to enable parsing.

If you already added the plugin for this syntax to your config, it's possible that your config isn't being loaded.
You can re-run Babel with the BABEL_SHOW_CONFIG_FOR environment variable to show the loaded configuration:
	npx cross-env BABEL_SHOW_CONFIG_FOR=/home/pranshu/global-shop/src/components/Scanner.tsx <your build command>
See https://babeljs.io/docs/configuration#print-effective-configs for more info.

  Plugin: vite:react-babel
  File: /home/pranshu/global-shop/src/components/Scanner.tsx:205:0
  203 |              
  204 |              <style>{`
  205 |  @keyframes scan {
      |  ^
  206 |      0 % { top: 10 %; opacity: 0; }
  207 |      50 % { opacity: 1; }
12:48:36 AM [vite] Internal server error: /home/pranshu/global-shop/src/components/Scanner.tsx: Support for the experimental syntax 'decorators' isn't currently enabled (205:1):

  203 |             
  204 |             <style>{`
> 205 | @keyframes scan {
      | ^
  206 |     0 % { top: 10 %; opacity: 0; }
  207 |     50 % { opacity: 1; }
  208 |     100 % { top: 90 %; opacity: 0; }

Add @babel/plugin-proposal-decorators (https://github.com/babel/babel/tree/main/packages/babel-plugin-proposal-decorators) to the 'plugins' section of your Babel config to enable transformation.
If you want to leave it as-is, add @babel/plugin-syntax-decorators (https://github.com/babel/babel/tree/main/packages/babel-plugin-syntax-decorators) to the 'plugins' section to enable parsing.

If you already added the plugin for this syntax to your config, it's possible that your config isn't being loaded.
You can re-run Babel with the BABEL_SHOW_CONFIG_FOR environment variable to show the loaded configuration:
	npx cross-env BABEL_SHOW_CONFIG_FOR=/home/pranshu/global-shop/src/components/Scanner.tsx <your build command>
See https://babeljs.io/docs/configuration#print-effective-configs for more info.

  Plugin: vite:react-babel
  File: /home/pranshu/global-shop/src/components/Scanner.tsx:205:0
  203 |              
  204 |              <style>{`
  205 |  @keyframes scan {
      |  ^
  206 |      0 % { top: 10 %; opacity: 0; }
  207 |      50 % { opacity: 1; }
      at constructor (/home/pranshu/global-shop/node_modules/@babel/parser/lib/index.js:367:19)
      at TypeScriptParserMixin.raise (/home/pranshu/global-shop/node_modules/@babel/parser/lib/index.js:6624:19)
      at TypeScriptParserMixin.expectOnePlugin (/home/pranshu/global-shop/node_modules/@babel/parser/lib/index.js:6658:18)
      at TypeScriptParserMixin.parseDecorator (/home/pranshu/global-shop/node_modules/@babel/parser/lib/index.js:13024:10)
      at TypeScriptParserMixin.parseDecorators (/home/pranshu/global-shop/node_modules/@babel/parser/lib/index.js:13009:28)
      at TypeScriptParserMixin.parseStatementLike (/home/pranshu/global-shop/node_modules/@babel/parser/lib/index.js:12841:25)
      at TypeScriptParserMixin.parseModuleItem (/home/pranshu/global-shop/node_modules/@babel/parser/lib/index.js:12820:17)
      at TypeScriptParserMixin.parseBlockOrModuleBlockBody (/home/pranshu/global-shop/node_modules/@babel/parser/lib/index.js:13392:36)
      at TypeScriptParserMixin.parseBlockBody (/home/pranshu/global-shop/node_modules/@babel/parser/lib/index.js:13385:10)
      at TypeScriptParserMixin.parseProgram (/home/pranshu/global-shop/node_modules/@babel/parser/lib/index.js:12698:10)
      at TypeScriptParserMixin.parseTopLevel (/home/pranshu/global-shop/node_modules/@babel/parser/lib/index.js:12688:25)
      at TypeScriptParserMixin.parse (/home/pranshu/global-shop/node_modules/@babel/parser/lib/index.js:14568:25)
      at TypeScriptParserMixin.parse (/home/pranshu/global-shop/node_modules/@babel/parser/lib/index.js:10183:18)
      at parse (/home/pranshu/global-shop/node_modules/@babel/parser/lib/index.js:14602:38)
      at parser (/home/pranshu/global-shop/node_modules/@babel/core/lib/parser/index.js:41:34)
      at parser.next (<anonymous>)
      at normalizeFile (/home/pranshu/global-shop/node_modules/@babel/core/lib/transformation/normalize-file.js:64:37)
      at normalizeFile.next (<anonymous>)
      at run (/home/pranshu/global-shop/node_modules/@babel/core/lib/transformation/index.js:22:50)
      at run.next (<anonymous>)
      at transform (/home/pranshu/global-shop/node_modules/@babel/core/lib/transform.js:22:33)
      at transform.next (<anonymous>)
      at step (/home/pranshu/global-shop/node_modules/gensync/index.js:261:32)
      at /home/pranshu/global-shop/node_modules/gensync/index.js:273:13
      at async.call.result.err.err (/home/pranshu/global-shop/node_modules/gensync/index.js:223:11)
      at /home/pranshu/global-shop/node_modules/gensync/index.js:189:28
      at /home/pranshu/global-shop/node_modules/@babel/core/lib/gensync-utils/async.js:67:7
      at /home/pranshu/global-shop/node_modules/gensync/index.js:113:33
      at step (/home/pranshu/global-shop/node_modules/gensync/index.js:287:14)
      at /home/pranshu/global-shop/node_modules/gensync/index.js:273:13
      at async.call.result.err.err (/home/pranshu/global-shop/node_modules/gensync/index.js:223:11)
12:48:59 AM [vite] Internal server error: /home/pranshu/global-shop/src/components/Scanner.tsx: Support for the experimental syntax 'decorators' isn't currently enabled (205:1):

  203 |             
  204 |             <style>{`
> 205 | @keyframes scan {
      | ^
  206 |     0 % { top: 10 %; opacity: 0; }
  207 |     50 % { opacity: 1; }
  208 |     100 % { top: 90 %; opacity: 0; }

Add @babel/plugin-proposal-decorators (https://github.com/babel/babel/tree/main/packages/babel-plugin-proposal-decorators) to the 'plugins' section of your Babel config to enable transformation.
If you want to leave it as-is, add @babel/plugin-syntax-decorators (https://github.com/babel/babel/tree/main/packages/babel-plugin-syntax-decorators) to the 'plugins' section to enable parsing.

If you already added the plugin for this syntax to your config, it's possible that your config isn't being loaded.
You can re-run Babel with the BABEL_SHOW_CONFIG_FOR environment variable to show the loaded configuration:
	npx cross-env BABEL_SHOW_CONFIG_FOR=/home/pranshu/global-shop/src/components/Scanner.tsx <your build command>
See https://babeljs.io/docs/configuration#print-effective-configs for more info.

  Plugin: vite:react-babel
  File: /home/pranshu/global-shop/src/components/Scanner.tsx:205:0
  203 |              
  204 |              <style>{`
  205 |  @keyframes scan {
      |  ^
  206 |      0 % { top: 10 %; opacity: 0; }
  207 |      50 % { opacity: 1; }
      at constructor (/home/pranshu/global-shop/node_modules/@babel/parser/lib/index.js:367:19)
      at TypeScriptParserMixin.raise (/home/pranshu/global-shop/node_modules/@babel/parser/lib/index.js:6624:19)
      at TypeScriptParserMixin.expectOnePlugin (/home/pranshu/global-shop/node_modules/@babel/parser/lib/index.js:6658:18)
      at TypeScriptParserMixin.parseDecorator (/home/pranshu/global-shop/node_modules/@babel/parser/lib/index.js:13024:10)
      at TypeScriptParserMixin.parseDecorators (/home/pranshu/global-shop/node_modules/@babel/parser/lib/index.js:13009:28)
      at TypeScriptParserMixin.parseStatementLike (/home/pranshu/global-shop/node_modules/@babel/parser/lib/index.js:12841:25)
      at TypeScriptParserMixin.parseModuleItem (/home/pranshu/global-shop/node_modules/@babel/parser/lib/index.js:12820:17)
      at TypeScriptParserMixin.parseBlockOrModuleBlockBody (/home/pranshu/global-shop/node_modules/@babel/parser/lib/index.js:13392:36)
      at TypeScriptParserMixin.parseBlockBody (/home/pranshu/global-shop/node_modules/@babel/parser/lib/index.js:13385:10)
      at TypeScriptParserMixin.parseProgram (/home/pranshu/global-shop/node_modules/@babel/parser/lib/index.js:12698:10)
      at TypeScriptParserMixin.parseTopLevel (/home/pranshu/global-shop/node_modules/@babel/parser/lib/index.js:12688:25)
      at TypeScriptParserMixin.parse (/home/pranshu/global-shop/node_modules/@babel/parser/lib/index.js:14568:25)
      at TypeScriptParserMixin.parse (/home/pranshu/global-shop/node_modules/@babel/parser/lib/index.js:10183:18)
      at parse (/home/pranshu/global-shop/node_modules/@babel/parser/lib/index.js:14602:38)
      at parser (/home/pranshu/global-shop/node_modules/@babel/core/lib/parser/index.js:41:34)
      at parser.next (<anonymous>)
      at normalizeFile (/home/pranshu/global-shop/node_modules/@babel/core/lib/transformation/normalize-file.js:64:37)
      at normalizeFile.next (<anonymous>)
      at run (/home/pranshu/global-shop/node_modules/@babel/core/lib/transformation/index.js:22:50)
      at run.next (<anonymous>)
      at transform (/home/pranshu/global-shop/node_modules/@babel/core/lib/transform.js:22:33)
      at transform.next (<anonymous>)
      at step (/home/pranshu/global-shop/node_modules/gensync/index.js:261:32)
      at /home/pranshu/global-shop/node_modules/gensync/index.js:273:13
      at async.call.result.err.err (/home/pranshu/global-shop/node_modules/gensync/index.js:223:11)
      at /home/pranshu/global-shop/node_modules/gensync/index.js:189:28
      at /home/pranshu/global-shop/node_modules/@babel/core/lib/gensync-utils/async.js:67:7
      at /home/pranshu/global-shop/node_modules/gensync/index.js:113:33
      at step (/home/pranshu/global-shop/node_modules/gensync/index.js:287:14)
      at /home/pranshu/global-shop/node_modules/gensync/index.js:273:13
      at async.call.result.err.err (/home/pranshu/global-shop/node_modules/gensync/index.js:223:11)
12:49:18 AM [vite] Internal server error: /home/pranshu/global-shop/src/components/Scanner.tsx: Support for the experimental syntax 'decorators' isn't currently enabled (205:1):

  203 |             
  204 |             <style>{`
> 205 | @keyframes scan {
      | ^
  206 |     0 % { top: 10 %; opacity: 0; }
  207 |     50 % { opacity: 1; }
  208 |     100 % { top: 90 %; opacity: 0; }

Add @babel/plugin-proposal-decorators (https://github.com/babel/babel/tree/main/packages/babel-plugin-proposal-decorators) to the 'plugins' section of your Babel config to enable transformation.
If you want to leave it as-is, add @babel/plugin-syntax-decorators (https://github.com/babel/babel/tree/main/packages/babel-plugin-syntax-decorators) to the 'plugins' section to enable parsing.

If you already added the plugin for this syntax to your config, it's possible that your config isn't being loaded.
You can re-run Babel with the BABEL_SHOW_CONFIG_FOR environment variable to show the loaded configuration:
	npx cross-env BABEL_SHOW_CONFIG_FOR=/home/pranshu/global-shop/src/components/Scanner.tsx <your build command>
See https://babeljs.io/docs/configuration#print-effective-configs for more info.

  Plugin: vite:react-babel
  File: /home/pranshu/global-shop/src/components/Scanner.tsx:205:0
  203 |              
  204 |              <style>{`
  205 |  @keyframes scan {
      |  ^
  206 |      0 % { top: 10 %; opacity: 0; }
  207 |      50 % { opacity: 1; }
      at constructor (/home/pranshu/global-shop/node_modules/@babel/parser/lib/index.js:367:19)
      at TypeScriptParserMixin.raise (/home/pranshu/global-shop/node_modules/@babel/parser/lib/index.js:6624:19)
      at TypeScriptParserMixin.expectOnePlugin (/home/pranshu/global-shop/node_modules/@babel/parser/lib/index.js:6658:18)
      at TypeScriptParserMixin.parseDecorator (/home/pranshu/global-shop/node_modules/@babel/parser/lib/index.js:13024:10)
      at TypeScriptParserMixin.parseDecorators (/home/pranshu/global-shop/node_modules/@babel/parser/lib/index.js:13009:28)
      at TypeScriptParserMixin.parseStatementLike (/home/pranshu/global-shop/node_modules/@babel/parser/lib/index.js:12841:25)
      at TypeScriptParserMixin.parseModuleItem (/home/pranshu/global-shop/node_modules/@babel/parser/lib/index.js:12820:17)
      at TypeScriptParserMixin.parseBlockOrModuleBlockBody (/home/pranshu/global-shop/node_modules/@babel/parser/lib/index.js:13392:36)
      at TypeScriptParserMixin.parseBlockBody (/home/pranshu/global-shop/node_modules/@babel/parser/lib/index.js:13385:10)
      at TypeScriptParserMixin.parseProgram (/home/pranshu/global-shop/node_modules/@babel/parser/lib/index.js:12698:10)
      at TypeScriptParserMixin.parseTopLevel (/home/pranshu/global-shop/node_modules/@babel/parser/lib/index.js:12688:25)
      at TypeScriptParserMixin.parse (/home/pranshu/global-shop/node_modules/@babel/parser/lib/index.js:14568:25)
      at TypeScriptParserMixin.parse (/home/pranshu/global-shop/node_modules/@babel/parser/lib/index.js:10183:18)
      at parse (/home/pranshu/global-shop/node_modules/@babel/parser/lib/index.js:14602:38)
      at parser (/home/pranshu/global-shop/node_modules/@babel/core/lib/parser/index.js:41:34)
      at parser.next (<anonymous>)
      at normalizeFile (/home/pranshu/global-shop/node_modules/@babel/core/lib/transformation/normalize-file.js:64:37)
      at normalizeFile.next (<anonymous>)
      at run (/home/pranshu/global-shop/node_modules/@babel/core/lib/transformation/index.js:22:50)
      at run.next (<anonymous>)
      at transform (/home/pranshu/global-shop/node_modules/@babel/core/lib/transform.js:22:33)
      at transform.next (<anonymous>)
      at step (/home/pranshu/global-shop/node_modules/gensync/index.js:261:32)
      at /home/pranshu/global-shop/node_modules/gensync/index.js:273:13
      at async.call.result.err.err (/home/pranshu/global-shop/node_modules/gensync/index.js:223:11)
      at /home/pranshu/global-shop/node_modules/gensync/index.js:189:28
      at /home/pranshu/global-shop/node_modules/@babel/core/lib/gensync-utils/async.js:67:7
      at /home/pranshu/global-shop/node_modules/gensync/index.js:113:33
      at step (/home/pranshu/global-shop/node_modules/gensync/index.js:287:14)
      at /home/pranshu/global-shop/node_modules/gensync/index.js:273:13
      at async.call.result.err.err (/home/pranshu/global-shop/node_modules/gensync/index.js:223:11)
12:49:48 AM [vite] Internal server error: /home/pranshu/global-shop/src/components/Scanner.tsx: Support for the experimental syntax 'decorators' isn't currently enabled (205:1):

  203 |             
  204 |             <style>{`
> 205 | @keyframes scan {
      | ^
  206 |     0 % { top: 10 %; opacity: 0; }
  207 |     50 % { opacity: 1; }
  208 |     100 % { top: 90 %; opacity: 0; }

Add @babel/plugin-proposal-decorators (https://github.com/babel/babel/tree/main/packages/babel-plugin-proposal-decorators) to the 'plugins' section of your Babel config to enable transformation.
If you want to leave it as-is, add @babel/plugin-syntax-decorators (https://github.com/babel/babel/tree/main/packages/babel-plugin-syntax-decorators) to the 'plugins' section to enable parsing.

If you already added the plugin for this syntax to your config, it's possible that your config isn't being loaded.
You can re-run Babel with the BABEL_SHOW_CONFIG_FOR environment variable to show the loaded configuration:
	npx cross-env BABEL_SHOW_CONFIG_FOR=/home/pranshu/global-shop/src/components/Scanner.tsx <your build command>
See https://babeljs.io/docs/configuration#print-effective-configs for more info.

  Plugin: vite:react-babel
  File: /home/pranshu/global-shop/src/components/Scanner.tsx:205:0
  203 |              
  204 |              <style>{`
  205 |  @keyframes scan {
      |  ^
  206 |      0 % { top: 10 %; opacity: 0; }
  207 |      50 % { opacity: 1; }
      at constructor (/home/pranshu/global-shop/node_modules/@babel/parser/lib/index.js:367:19)
      at TypeScriptParserMixin.raise (/home/pranshu/global-shop/node_modules/@babel/parser/lib/index.js:6624:19)
      at TypeScriptParserMixin.expectOnePlugin (/home/pranshu/global-shop/node_modules/@babel/parser/lib/index.js:6658:18)
      at TypeScriptParserMixin.parseDecorator (/home/pranshu/global-shop/node_modules/@babel/parser/lib/index.js:13024:10)
      at TypeScriptParserMixin.parseDecorators (/home/pranshu/global-shop/node_modules/@babel/parser/lib/index.js:13009:28)
      at TypeScriptParserMixin.parseStatementLike (/home/pranshu/global-shop/node_modules/@babel/parser/lib/index.js:12841:25)
      at TypeScriptParserMixin.parseModuleItem (/home/pranshu/global-shop/node_modules/@babel/parser/lib/index.js:12820:17)
      at TypeScriptParserMixin.parseBlockOrModuleBlockBody (/home/pranshu/global-shop/node_modules/@babel/parser/lib/index.js:13392:36)
      at TypeScriptParserMixin.parseBlockBody (/home/pranshu/global-shop/node_modules/@babel/parser/lib/index.js:13385:10)
      at TypeScriptParserMixin.parseProgram (/home/pranshu/global-shop/node_modules/@babel/parser/lib/index.js:12698:10)
      at TypeScriptParserMixin.parseTopLevel (/home/pranshu/global-shop/node_modules/@babel/parser/lib/index.js:12688:25)
      at TypeScriptParserMixin.parse (/home/pranshu/global-shop/node_modules/@babel/parser/lib/index.js:14568:25)
      at TypeScriptParserMixin.parse (/home/pranshu/global-shop/node_modules/@babel/parser/lib/index.js:10183:18)
      at parse (/home/pranshu/global-shop/node_modules/@babel/parser/lib/index.js:14602:38)
      at parser (/home/pranshu/global-shop/node_modules/@babel/core/lib/parser/index.js:41:34)
      at parser.next (<anonymous>)
      at normalizeFile (/home/pranshu/global-shop/node_modules/@babel/core/lib/transformation/normalize-file.js:64:37)
      at normalizeFile.next (<anonymous>)
      at run (/home/pranshu/global-shop/node_modules/@babel/core/lib/transformation/index.js:22:50)
      at run.next (<anonymous>)
      at transform (/home/pranshu/global-shop/node_modules/@babel/core/lib/transform.js:22:33)
      at transform.next (<anonymous>)
      at step (/home/pranshu/global-shop/node_modules/gensync/index.js:261:32)
      at /home/pranshu/global-shop/node_modules/gensync/index.js:273:13
      at async.call.result.err.err (/home/pranshu/global-shop/node_modules/gensync/index.js:223:11)
      at /home/pranshu/global-shop/node_modules/gensync/index.js:189:28
      at /home/pranshu/global-shop/node_modules/@babel/core/lib/gensync-utils/async.js:67:7
      at /home/pranshu/global-shop/node_modules/gensync/index.js:113:33
      at step (/home/pranshu/global-shop/node_modules/gensync/index.js:287:14)
      at /home/pranshu/global-shop/node_modules/gensync/index.js:273:13
      at async.call.result.err.err (/home/pranshu/global-shop/node_modules/gensync/index.js:223:11)
12:50:34 AM [vite] (client) hmr update /src/index.css
12:50:35 AM [vite] Internal server error: /home/pranshu/global-shop/src/components/Scanner.tsx: Support for the experimental syntax 'decorators' isn't currently enabled (205:1):

  203 |             
  204 |             <style>{`
> 205 | @keyframes scan {
      | ^
  206 |     0 % { top: 10 %; opacity: 0; }
  207 |     50 % { opacity: 1; }
  208 |     100 % { top: 90 %; opacity: 0; }

Add @babel/plugin-proposal-decorators (https://github.com/babel/babel/tree/main/packages/babel-plugin-proposal-decorators) to the 'plugins' section of your Babel config to enable transformation.
If you want to leave it as-is, add @babel/plugin-syntax-decorators (https://github.com/babel/babel/tree/main/packages/babel-plugin-syntax-decorators) to the 'plugins' section to enable parsing.

If you already added the plugin for this syntax to your config, it's possible that your config isn't being loaded.
You can re-run Babel with the BABEL_SHOW_CONFIG_FOR environment variable to show the loaded configuration:
	npx cross-env BABEL_SHOW_CONFIG_FOR=/home/pranshu/global-shop/src/components/Scanner.tsx <your build command>
See https://babeljs.io/docs/configuration#print-effective-configs for more info.

  Plugin: vite:react-babel
  File: /home/pranshu/global-shop/src/components/Scanner.tsx:205:0
  203 |              
  204 |              <style>{`
  205 |  @keyframes scan {
      |  ^
  206 |      0 % { top: 10 %; opacity: 0; }
  207 |      50 % { opacity: 1; }
      at constructor (/home/pranshu/global-shop/node_modules/@babel/parser/lib/index.js:367:19)
      at TypeScriptParserMixin.raise (/home/pranshu/global-shop/node_modules/@babel/parser/lib/index.js:6624:19)
      at TypeScriptParserMixin.expectOnePlugin (/home/pranshu/global-shop/node_modules/@babel/parser/lib/index.js:6658:18)
      at TypeScriptParserMixin.parseDecorator (/home/pranshu/global-shop/node_modules/@babel/parser/lib/index.js:13024:10)
      at TypeScriptParserMixin.parseDecorators (/home/pranshu/global-shop/node_modules/@babel/parser/lib/index.js:13009:28)
      at TypeScriptParserMixin.parseStatementLike (/home/pranshu/global-shop/node_modules/@babel/parser/lib/index.js:12841:25)
      at TypeScriptParserMixin.parseModuleItem (/home/pranshu/global-shop/node_modules/@babel/parser/lib/index.js:12820:17)
      at TypeScriptParserMixin.parseBlockOrModuleBlockBody (/home/pranshu/global-shop/node_modules/@babel/parser/lib/index.js:13392:36)
      at TypeScriptParserMixin.parseBlockBody (/home/pranshu/global-shop/node_modules/@babel/parser/lib/index.js:13385:10)
      at TypeScriptParserMixin.parseProgram (/home/pranshu/global-shop/node_modules/@babel/parser/lib/index.js:12698:10)
      at TypeScriptParserMixin.parseTopLevel (/home/pranshu/global-shop/node_modules/@babel/parser/lib/index.js:12688:25)
      at TypeScriptParserMixin.parse (/home/pranshu/global-shop/node_modules/@babel/parser/lib/index.js:14568:25)
      at TypeScriptParserMixin.parse (/home/pranshu/global-shop/node_modules/@babel/parser/lib/index.js:10183:18)
      at parse (/home/pranshu/global-shop/node_modules/@babel/parser/lib/index.js:14602:38)
      at parser (/home/pranshu/global-shop/node_modules/@babel/core/lib/parser/index.js:41:34)
      at parser.next (<anonymous>)
      at normalizeFile (/home/pranshu/global-shop/node_modules/@babel/core/lib/transformation/normalize-file.js:64:37)
      at normalizeFile.next (<anonymous>)
      at run (/home/pranshu/global-shop/node_modules/@babel/core/lib/transformation/index.js:22:50)
      at run.next (<anonymous>)
      at transform (/home/pranshu/global-shop/node_modules/@babel/core/lib/transform.js:22:33)
      at transform.next (<anonymous>)
      at step (/home/pranshu/global-shop/node_modules/gensync/index.js:261:32)
      at /home/pranshu/global-shop/node_modules/gensync/index.js:273:13
      at async.call.result.err.err (/home/pranshu/global-shop/node_modules/gensync/index.js:223:11)
      at /home/pranshu/global-shop/node_modules/gensync/index.js:189:28
      at /home/pranshu/global-shop/node_modules/@babel/core/lib/gensync-utils/async.js:67:7
      at /home/pranshu/global-shop/node_modules/gensync/index.js:113:33
      at step (/home/pranshu/global-shop/node_modules/gensync/index.js:287:14)
      at /home/pranshu/global-shop/node_modules/gensync/index.js:273:13
      at async.call.result.err.err (/home/pranshu/global-shop/node_modules/gensync/index.js:223:11)
12:50:47 AM [vite] (client) hmr update /src/components/Scanner.tsx, /src/index.css
12:50:56 AM [vite] (client) hmr update /src/App.tsx, /src/index.css
12:51:14 AM [vite] (client) hmr update /src/App.tsx, /src/index.css
12:51:15 AM [vite] (client) hmr update /src/App.tsx, /src/index.css
12:51:48 AM [vite] (client) hmr update /src/App.tsx, /src/index.css
3:25:52 PM [vite] (client) hmr update /src/components/Scanner.tsx, /src/index.css
3:26:10 PM [vite] (client) hmr update /src/components/Scanner.tsx, /src/index.css
3:39:11 PM [vite] (client) hmr update /src/features/customer/pages/CheckoutPage.tsx, /src/index.css
3:39:11 PM [vite] Internal server error: Failed to resolve import "../../services/firebase/firebase" from "src/features/orders/services/order.service.ts". Does the file exist?
  Plugin: vite:import-analysis
  File: /home/pranshu/global-shop/src/features/orders/services/order.service.ts:13:30
  11 |  } from "firebase/firestore";
  12 |  import { httpsCallable } from "firebase/functions";
  13 |  import { db, functions } from "../../services/firebase/firebase";
     |                                 ^
  14 |  export const OrderService = {
  15 |    // Create a new order (status: PENDING)
      at TransformPluginContext._formatLog (file:///home/pranshu/global-shop/node_modules/vite/dist/node/chunks/config.js:28998:43)
      at TransformPluginContext.error (file:///home/pranshu/global-shop/node_modules/vite/dist/node/chunks/config.js:28995:14)
      at normalizeUrl (file:///home/pranshu/global-shop/node_modules/vite/dist/node/chunks/config.js:27118:18)
      at process.processTicksAndRejections (node:internal/process/task_queues:105:5)
      at async file:///home/pranshu/global-shop/node_modules/vite/dist/node/chunks/config.js:27176:32
      at async Promise.all (index 2)
      at async TransformPluginContext.transform (file:///home/pranshu/global-shop/node_modules/vite/dist/node/chunks/config.js:27144:4)
      at async EnvironmentPluginContainer.transform (file:///home/pranshu/global-shop/node_modules/vite/dist/node/chunks/config.js:28796:14)
      at async loadAndTransform (file:///home/pranshu/global-shop/node_modules/vite/dist/node/chunks/config.js:22669:26)
3:39:11 PM [vite] (client) Pre-transform error: Failed to resolve import "../../services/firebase/firebase" from "src/features/orders/services/order.service.ts". Does the file exist?
  Plugin: vite:import-analysis
  File: /home/pranshu/global-shop/src/features/orders/services/order.service.ts:13:30
  11 |  } from "firebase/firestore";
  12 |  import { httpsCallable } from "firebase/functions";
  13 |  import { db, functions } from "../../services/firebase/firebase";
     |                                 ^
  14 |  export const OrderService = {
  15 |    // Create a new order (status: PENDING)
3:39:11 PM [vite] Internal server error: Failed to resolve import "react-use" from "src/components/PaymentSuccess.tsx". Does the file exist?
  Plugin: vite:import-analysis
  File: /home/pranshu/global-shop/src/components/PaymentSuccess.tsx:4:30
  4  |  import Confetti from "react-confetti";
  5  |  import { useEffect, useState } from "react";
  6  |  import { useWindowSize } from "react-use";
     |                                 ^
  7  |  const PaymentSuccess = ({ amount, shopName, onComplete }) => {
  8  |    _s();
      at TransformPluginContext._formatLog (file:///home/pranshu/global-shop/node_modules/vite/dist/node/chunks/config.js:28998:43)
      at TransformPluginContext.error (file:///home/pranshu/global-shop/node_modules/vite/dist/node/chunks/config.js:28995:14)
      at normalizeUrl (file:///home/pranshu/global-shop/node_modules/vite/dist/node/chunks/config.js:27118:18)
      at process.processTicksAndRejections (node:internal/process/task_queues:105:5)
      at async file:///home/pranshu/global-shop/node_modules/vite/dist/node/chunks/config.js:27176:32
      at async Promise.all (index 4)
      at async TransformPluginContext.transform (file:///home/pranshu/global-shop/node_modules/vite/dist/node/chunks/config.js:27144:4)
      at async EnvironmentPluginContainer.transform (file:///home/pranshu/global-shop/node_modules/vite/dist/node/chunks/config.js:28796:14)
      at async loadAndTransform (file:///home/pranshu/global-shop/node_modules/vite/dist/node/chunks/config.js:22669:26)
3:39:11 PM [vite] (client) Pre-transform error: Failed to resolve import "react-use" from "src/components/PaymentSuccess.tsx". Does the file exist?
  Plugin: vite:import-analysis
  File: /home/pranshu/global-shop/src/components/PaymentSuccess.tsx:4:30
  4  |  import Confetti from "react-confetti";
  5  |  import { useEffect, useState } from "react";
  6  |  import { useWindowSize } from "react-use";
     |                                 ^
  7  |  const PaymentSuccess = ({ amount, shopName, onComplete }) => {
  8  |    _s();
3:39:11 PM [vite] (client) ✨ new dependencies optimized: framer-motion, react-confetti
3:39:11 PM [vite] (client) ✨ optimized dependencies changed. reloading
3:39:11 PM [vite] Internal server error: Failed to resolve import "react-use" from "src/components/PaymentSuccess.tsx". Does the file exist?
  Plugin: vite:import-analysis
  File: /home/pranshu/global-shop/src/components/PaymentSuccess.tsx:4:30
  4  |  import Confetti from "react-confetti";
  5  |  import { useEffect, useState } from "react";
  6  |  import { useWindowSize } from "react-use";
     |                                 ^
  7  |  const PaymentSuccess = ({ amount, shopName, onComplete }) => {
  8  |    _s();
      at TransformPluginContext._formatLog (file:///home/pranshu/global-shop/node_modules/vite/dist/node/chunks/config.js:28998:43)
      at TransformPluginContext.error (file:///home/pranshu/global-shop/node_modules/vite/dist/node/chunks/config.js:28995:14)
      at normalizeUrl (file:///home/pranshu/global-shop/node_modules/vite/dist/node/chunks/config.js:27118:18)
      at process.processTicksAndRejections (node:internal/process/task_queues:105:5)
      at async file:///home/pranshu/global-shop/node_modules/vite/dist/node/chunks/config.js:27176:32
      at async Promise.all (index 4)
      at async TransformPluginContext.transform (file:///home/pranshu/global-shop/node_modules/vite/dist/node/chunks/config.js:27144:4)
      at async EnvironmentPluginContainer.transform (file:///home/pranshu/global-shop/node_modules/vite/dist/node/chunks/config.js:28796:14)
      at async loadAndTransform (file:///home/pranshu/global-shop/node_modules/vite/dist/node/chunks/config.js:22669:26)
      at async viteTransformMiddleware (file:///home/pranshu/global-shop/node_modules/vite/dist/node/chunks/config.js:24541:20)
3:39:11 PM [vite] Internal server error: Failed to resolve import "../../services/firebase/firebase" from "src/features/orders/services/order.service.ts". Does the file exist?
  Plugin: vite:import-analysis
  File: /home/pranshu/global-shop/src/features/orders/services/order.service.ts:13:30
  11 |  } from "firebase/firestore";
  12 |  import { httpsCallable } from "firebase/functions";
  13 |  import { db, functions } from "../../services/firebase/firebase";
     |                                 ^
  14 |  export const OrderService = {
  15 |    // Create a new order (status: PENDING)
      at TransformPluginContext._formatLog (file:///home/pranshu/global-shop/node_modules/vite/dist/node/chunks/config.js:28998:43)
      at TransformPluginContext.error (file:///home/pranshu/global-shop/node_modules/vite/dist/node/chunks/config.js:28995:14)
      at normalizeUrl (file:///home/pranshu/global-shop/node_modules/vite/dist/node/chunks/config.js:27118:18)
      at process.processTicksAndRejections (node:internal/process/task_queues:105:5)
      at async file:///home/pranshu/global-shop/node_modules/vite/dist/node/chunks/config.js:27176:32
      at async Promise.all (index 2)
      at async TransformPluginContext.transform (file:///home/pranshu/global-shop/node_modules/vite/dist/node/chunks/config.js:27144:4)
      at async EnvironmentPluginContainer.transform (file:///home/pranshu/global-shop/node_modules/vite/dist/node/chunks/config.js:28796:14)
      at async loadAndTransform (file:///home/pranshu/global-shop/node_modules/vite/dist/node/chunks/config.js:22669:26)
      at async viteTransformMiddleware (file:///home/pranshu/global-shop/node_modules/vite/dist/node/chunks/config.js:24541:20)
3:39:12 PM [vite] (client) Pre-transform error: Failed to resolve import "../../services/firebase/firebase" from "src/features/orders/services/order.service.ts". Does the file exist?
  Plugin: vite:import-analysis
  File: /home/pranshu/global-shop/src/features/orders/services/order.service.ts:13:30
  11 |  } from "firebase/firestore";
  12 |  import { httpsCallable } from "firebase/functions";
  13 |  import { db, functions } from "../../services/firebase/firebase";
     |                                 ^
  14 |  export const OrderService = {
  15 |    // Create a new order (status: PENDING)
3:39:12 PM [vite] (client) Pre-transform error: Failed to resolve import "react-use" from "src/components/PaymentSuccess.tsx". Does the file exist?
  Plugin: vite:import-analysis
  File: /home/pranshu/global-shop/src/components/PaymentSuccess.tsx:4:30
  4  |  import Confetti from "react-confetti";
  5  |  import { useEffect, useState } from "react";
  6  |  import { useWindowSize } from "react-use";
     |                                 ^
  7  |  const PaymentSuccess = ({ amount, shopName, onComplete }) => {
  8  |    _s();
3:39:12 PM [vite] Internal server error: Failed to resolve import "react-use" from "src/components/PaymentSuccess.tsx". Does the file exist?
  Plugin: vite:import-analysis
  File: /home/pranshu/global-shop/src/components/PaymentSuccess.tsx:4:30
  4  |  import Confetti from "react-confetti";
  5  |  import { useEffect, useState } from "react";
  6  |  import { useWindowSize } from "react-use";
     |                                 ^
  7  |  const PaymentSuccess = ({ amount, shopName, onComplete }) => {
  8  |    _s();
      at TransformPluginContext._formatLog (file:///home/pranshu/global-shop/node_modules/vite/dist/node/chunks/config.js:28998:43)
      at TransformPluginContext.error (file:///home/pranshu/global-shop/node_modules/vite/dist/node/chunks/config.js:28995:14)
      at normalizeUrl (file:///home/pranshu/global-shop/node_modules/vite/dist/node/chunks/config.js:27118:18)
      at process.processTicksAndRejections (node:internal/process/task_queues:105:5)
      at async file:///home/pranshu/global-shop/node_modules/vite/dist/node/chunks/config.js:27176:32
      at async Promise.all (index 4)
      at async TransformPluginContext.transform (file:///home/pranshu/global-shop/node_modules/vite/dist/node/chunks/config.js:27144:4)
      at async EnvironmentPluginContainer.transform (file:///home/pranshu/global-shop/node_modules/vite/dist/node/chunks/config.js:28796:14)
      at async loadAndTransform (file:///home/pranshu/global-shop/node_modules/vite/dist/node/chunks/config.js:22669:26)
      at async viteTransformMiddleware (file:///home/pranshu/global-shop/node_modules/vite/dist/node/chunks/config.js:24541:20)
3:39:12 PM [vite] Internal server error: Failed to resolve import "../../services/firebase/firebase" from "src/features/orders/services/order.service.ts". Does the file exist?
  Plugin: vite:import-analysis
  File: /home/pranshu/global-shop/src/features/orders/services/order.service.ts:13:30
  11 |  } from "firebase/firestore";
  12 |  import { httpsCallable } from "firebase/functions";
  13 |  import { db, functions } from "../../services/firebase/firebase";
     |                                 ^
  14 |  export const OrderService = {
  15 |    // Create a new order (status: PENDING)
      at TransformPluginContext._formatLog (file:///home/pranshu/global-shop/node_modules/vite/dist/node/chunks/config.js:28998:43)
      at TransformPluginContext.error (file:///home/pranshu/global-shop/node_modules/vite/dist/node/chunks/config.js:28995:14)
      at normalizeUrl (file:///home/pranshu/global-shop/node_modules/vite/dist/node/chunks/config.js:27118:18)
      at process.processTicksAndRejections (node:internal/process/task_queues:105:5)
      at async file:///home/pranshu/global-shop/node_modules/vite/dist/node/chunks/config.js:27176:32
      at async Promise.all (index 2)
      at async TransformPluginContext.transform (file:///home/pranshu/global-shop/node_modules/vite/dist/node/chunks/config.js:27144:4)
      at async EnvironmentPluginContainer.transform (file:///home/pranshu/global-shop/node_modules/vite/dist/node/chunks/config.js:28796:14)
      at async loadAndTransform (file:///home/pranshu/global-shop/node_modules/vite/dist/node/chunks/config.js:22669:26)
      at async viteTransformMiddleware (file:///home/pranshu/global-shop/node_modules/vite/dist/node/chunks/config.js:24541:20)
3:39:14 PM [vite] Internal server error: Failed to resolve import "react-use" from "src/components/PaymentSuccess.tsx". Does the file exist?
  Plugin: vite:import-analysis
  File: /home/pranshu/global-shop/src/components/PaymentSuccess.tsx:4:30
  4  |  import Confetti from "react-confetti";
  5  |  import { useEffect, useState } from "react";
  6  |  import { useWindowSize } from "react-use";
     |                                 ^
  7  |  const PaymentSuccess = ({ amount, shopName, onComplete }) => {
  8  |    _s();
      at TransformPluginContext._formatLog (file:///home/pranshu/global-shop/node_modules/vite/dist/node/chunks/config.js:28998:43)
      at TransformPluginContext.error (file:///home/pranshu/global-shop/node_modules/vite/dist/node/chunks/config.js:28995:14)
      at normalizeUrl (file:///home/pranshu/global-shop/node_modules/vite/dist/node/chunks/config.js:27118:18)
      at process.processTicksAndRejections (node:internal/process/task_queues:105:5)
      at async file:///home/pranshu/global-shop/node_modules/vite/dist/node/chunks/config.js:27176:32
      at async Promise.all (index 4)
      at async TransformPluginContext.transform (file:///home/pranshu/global-shop/node_modules/vite/dist/node/chunks/config.js:27144:4)
      at async EnvironmentPluginContainer.transform (file:///home/pranshu/global-shop/node_modules/vite/dist/node/chunks/config.js:28796:14)
      at async loadAndTransform (file:///home/pranshu/global-shop/node_modules/vite/dist/node/chunks/config.js:22669:26)
      at async viteTransformMiddleware (file:///home/pranshu/global-shop/node_modules/vite/dist/node/chunks/config.js:24541:20)
3:39:14 PM [vite] Internal server error: Failed to resolve import "../../services/firebase/firebase" from "src/features/orders/services/order.service.ts". Does the file exist?
  Plugin: vite:import-analysis
  File: /home/pranshu/global-shop/src/features/orders/services/order.service.ts:13:30
  11 |  } from "firebase/firestore";
  12 |  import { httpsCallable } from "firebase/functions";
  13 |  import { db, functions } from "../../services/firebase/firebase";
     |                                 ^
  14 |  export const OrderService = {
  15 |    // Create a new order (status: PENDING)
      at TransformPluginContext._formatLog (file:///home/pranshu/global-shop/node_modules/vite/dist/node/chunks/config.js:28998:43)
      at TransformPluginContext.error (file:///home/pranshu/global-shop/node_modules/vite/dist/node/chunks/config.js:28995:14)
      at normalizeUrl (file:///home/pranshu/global-shop/node_modules/vite/dist/node/chunks/config.js:27118:18)
      at process.processTicksAndRejections (node:internal/process/task_queues:105:5)
      at async file:///home/pranshu/global-shop/node_modules/vite/dist/node/chunks/config.js:27176:32
      at async Promise.all (index 2)
      at async TransformPluginContext.transform (file:///home/pranshu/global-shop/node_modules/vite/dist/node/chunks/config.js:27144:4)
      at async EnvironmentPluginContainer.transform (file:///home/pranshu/global-shop/node_modules/vite/dist/node/chunks/config.js:28796:14)
      at async loadAndTransform (file:///home/pranshu/global-shop/node_modules/vite/dist/node/chunks/config.js:22669:26)
      at async viteTransformMiddleware (file:///home/pranshu/global-shop/node_modules/vite/dist/node/chunks/config.js:24541:20)
3:39:21 PM [vite] (client) hmr update /src/index.css, /src/features/customer/pages/CheckoutPage.tsx
3:39:21 PM [vite] (client) Pre-transform error: Failed to resolve import "../../services/firebase/firebase" from "src/features/orders/services/order.service.ts". Does the file exist?
  Plugin: vite:import-analysis
  File: /home/pranshu/global-shop/src/features/orders/services/order.service.ts:13:30
  11 |  } from "firebase/firestore";
  12 |  import { httpsCallable } from "firebase/functions";
  13 |  import { db, functions } from "../../services/firebase/firebase";
     |                                 ^
  14 |  export const OrderService = {
  15 |    // Create a new order (status: PENDING)
3:39:22 PM [vite] Internal server error: Failed to resolve import "../../services/firebase/firebase" from "src/features/orders/services/order.service.ts". Does the file exist?
  Plugin: vite:import-analysis
  File: /home/pranshu/global-shop/src/features/orders/services/order.service.ts:13:30
  11 |  } from "firebase/firestore";
  12 |  import { httpsCallable } from "firebase/functions";
  13 |  import { db, functions } from "../../services/firebase/firebase";
     |                                 ^
  14 |  export const OrderService = {
  15 |    // Create a new order (status: PENDING)
      at TransformPluginContext._formatLog (file:///home/pranshu/global-shop/node_modules/vite/dist/node/chunks/config.js:28998:43)
      at TransformPluginContext.error (file:///home/pranshu/global-shop/node_modules/vite/dist/node/chunks/config.js:28995:14)
      at normalizeUrl (file:///home/pranshu/global-shop/node_modules/vite/dist/node/chunks/config.js:27118:18)
      at process.processTicksAndRejections (node:internal/process/task_queues:105:5)
      at async file:///home/pranshu/global-shop/node_modules/vite/dist/node/chunks/config.js:27176:32
      at async Promise.all (index 2)
      at async TransformPluginContext.transform (file:///home/pranshu/global-shop/node_modules/vite/dist/node/chunks/config.js:27144:4)
      at async EnvironmentPluginContainer.transform (file:///home/pranshu/global-shop/node_modules/vite/dist/node/chunks/config.js:28796:14)
      at async loadAndTransform (file:///home/pranshu/global-shop/node_modules/vite/dist/node/chunks/config.js:22669:26)
      at async viteTransformMiddleware (file:///home/pranshu/global-shop/node_modules/vite/dist/node/chunks/config.js:24541:20)
3:39:23 PM [vite] Internal server error: Failed to resolve import "../../services/firebase/firebase" from "src/features/orders/services/order.service.ts". Does the file exist?
  Plugin: vite:import-analysis
  File: /home/pranshu/global-shop/src/features/orders/services/order.service.ts:13:30
  11 |  } from "firebase/firestore";
  12 |  import { httpsCallable } from "firebase/functions";
  13 |  import { db, functions } from "../../services/firebase/firebase";
     |                                 ^
  14 |  export const OrderService = {
  15 |    // Create a new order (status: PENDING)
      at TransformPluginContext._formatLog (file:///home/pranshu/global-shop/node_modules/vite/dist/node/chunks/config.js:28998:43)
      at TransformPluginContext.error (file:///home/pranshu/global-shop/node_modules/vite/dist/node/chunks/config.js:28995:14)
      at normalizeUrl (file:///home/pranshu/global-shop/node_modules/vite/dist/node/chunks/config.js:27118:18)
      at process.processTicksAndRejections (node:internal/process/task_queues:105:5)
      at async file:///home/pranshu/global-shop/node_modules/vite/dist/node/chunks/config.js:27176:32
      at async Promise.all (index 2)
      at async TransformPluginContext.transform (file:///home/pranshu/global-shop/node_modules/vite/dist/node/chunks/config.js:27144:4)
      at async EnvironmentPluginContainer.transform (file:///home/pranshu/global-shop/node_modules/vite/dist/node/chunks/config.js:28796:14)
      at async loadAndTransform (file:///home/pranshu/global-shop/node_modules/vite/dist/node/chunks/config.js:22669:26)
      at async viteTransformMiddleware (file:///home/pranshu/global-shop/node_modules/vite/dist/node/chunks/config.js:24541:20)
3:39:26 PM [vite] (client) hmr update /src/index.css, /src/features/customer/pages/CheckoutPage.tsx
3:39:26 PM [vite] (client) Pre-transform error: Transform failed with 1 error:
/home/pranshu/global-shop/src/features/orders/services/order.service.ts:58:0: ERROR: Unterminated string literal
  Plugin: vite:esbuild
  File: /home/pranshu/global-shop/src/features/orders/services/order.service.ts:58:0
  
  Unterminated string literal
  56 |      }
  57 |  };
  58 |  
     |  ^
  
3:39:26 PM [vite] Internal server error: Transform failed with 1 error:
/home/pranshu/global-shop/src/features/orders/services/order.service.ts:58:0: ERROR: Unterminated string literal
  Plugin: vite:esbuild
  File: /home/pranshu/global-shop/src/features/orders/services/order.service.ts:58:0
  
  Unterminated string literal
  56 |      }
  57 |  };
  58 |  
     |  ^
  
      at failureErrorWithLog (/home/pranshu/global-shop/node_modules/esbuild/lib/main.js:1467:15)
      at /home/pranshu/global-shop/node_modules/esbuild/lib/main.js:736:50
      at responseCallbacks.<computed> (/home/pranshu/global-shop/node_modules/esbuild/lib/main.js:603:9)
      at handleIncomingPacket (/home/pranshu/global-shop/node_modules/esbuild/lib/main.js:658:12)
      at Socket.readFromStdout (/home/pranshu/global-shop/node_modules/esbuild/lib/main.js:581:7)
      at Socket.emit (node:events:518:28)
      at addChunk (node:internal/streams/readable:561:12)
      at readableAddChunkPushByteMode (node:internal/streams/readable:512:3)
      at Readable.push (node:internal/streams/readable:392:5)
      at Pipe.onStreamRead (node:internal/stream_base_commons:189:23)
3:39:27 PM [vite] (client) hmr update /src/index.css, /src/features/customer/pages/CheckoutPage.tsx
3:39:27 PM [vite] (client) Pre-transform error: Transform failed with 1 error:
/home/pranshu/global-shop/src/features/orders/services/order.service.ts:58:0: ERROR: Unterminated string literal
  Plugin: vite:esbuild
  File: /home/pranshu/global-shop/src/features/orders/services/order.service.ts:58:0
  
  Unterminated string literal
  56 |      }
  57 |  };
  58 |  
     |  ^
  
3:39:27 PM [vite] Internal server error: Transform failed with 1 error:
/home/pranshu/global-shop/src/features/orders/services/order.service.ts:58:0: ERROR: Unterminated string literal
  Plugin: vite:esbuild
  File: /home/pranshu/global-shop/src/features/orders/services/order.service.ts:58:0
  
  Unterminated string literal
  56 |      }
  57 |  };
  58 |  
     |  ^
  
      at failureErrorWithLog (/home/pranshu/global-shop/node_modules/esbuild/lib/main.js:1467:15)
      at /home/pranshu/global-shop/node_modules/esbuild/lib/main.js:736:50
      at responseCallbacks.<computed> (/home/pranshu/global-shop/node_modules/esbuild/lib/main.js:603:9)
      at handleIncomingPacket (/home/pranshu/global-shop/node_modules/esbuild/lib/main.js:658:12)
      at Socket.readFromStdout (/home/pranshu/global-shop/node_modules/esbuild/lib/main.js:581:7)
      at Socket.emit (node:events:518:28)
      at addChunk (node:internal/streams/readable:561:12)
      at readableAddChunkPushByteMode (node:internal/streams/readable:512:3)
      at Readable.push (node:internal/streams/readable:392:5)
      at Pipe.onStreamRead (node:internal/stream_base_commons:189:23)
3:39:27 PM [vite] Internal server error: Transform failed with 1 error:
/home/pranshu/global-shop/src/features/orders/services/order.service.ts:58:0: ERROR: Unterminated string literal
  Plugin: vite:esbuild
  File: /home/pranshu/global-shop/src/features/orders/services/order.service.ts:58:0
  
  Unterminated string literal
  56 |      }
  57 |  };
  58 |  
     |  ^
  
      at failureErrorWithLog (/home/pranshu/global-shop/node_modules/esbuild/lib/main.js:1467:15)
      at /home/pranshu/global-shop/node_modules/esbuild/lib/main.js:736:50
      at responseCallbacks.<computed> (/home/pranshu/global-shop/node_modules/esbuild/lib/main.js:603:9)
      at handleIncomingPacket (/home/pranshu/global-shop/node_modules/esbuild/lib/main.js:658:12)
      at Socket.readFromStdout (/home/pranshu/global-shop/node_modules/esbuild/lib/main.js:581:7)
      at Socket.emit (node:events:518:28)
      at addChunk (node:internal/streams/readable:561:12)
      at readableAddChunkPushByteMode (node:internal/streams/readable:512:3)
      at Readable.push (node:internal/streams/readable:392:5)
      at Pipe.onStreamRead (node:internal/stream_base_commons:189:23)
3:39:39 PM [vite] (client) hmr update /src/index.css, /src/features/customer/pages/CheckoutPage.tsx
3:44:21 PM [vite] (client) hmr update /src/index.css, /src/features/customer/pages/CheckoutPage.tsx
3:49:29 PM [vite] (client) hmr update /src/components/Scanner.tsx, /src/index.css
3:49:31 PM [vite] (client) hmr update /src/components/Scanner.tsx, /src/index.css
3:49:34 PM [vite] (client) hmr update /src/features/dashboard/layouts/DashboardLayout.tsx, /src/index.css
3:49:36 PM [vite] (client) hmr update /src/features/dashboard/layouts/DashboardLayout.tsx, /src/index.css
3:49:47 PM [vite] (client) hmr update /src/components/layout/Sidebar.tsx, /src/index.css
3:50:08 PM [vite] (client) hmr update /src/components/layout/Sidebar.tsx, /src/index.css
3:50:34 PM [vite] (client) hmr update /src/components/layout/Sidebar.tsx, /src/index.css
3:51:01 PM [vite] (client) hmr update /src/components/layout/Sidebar.tsx, /src/index.css
3:51:14 PM [vite] (client) hmr update /src/components/layout/Sidebar.tsx, /src/index.css
3:51:19 PM [vite] (client) hmr update /src/components/Scanner.tsx, /src/index.css
3:51:33 PM [vite] (client) hmr update /src/components/Scanner.tsx, /src/index.css
3:51:42 PM [vite] (client) hmr update /src/components/Scanner.tsx, /src/index.css
3:52:11 PM [vite] (client) hmr update /src/components/layout/Sidebar.tsx, /src/index.css
3:52:35 PM [vite] (client) hmr update /src/components/layout/Sidebar.tsx, /src/index.css
3:52:53 PM [vite] (client) hmr update /src/components/layout/Sidebar.tsx, /src/index.css
3:52:55 PM [vite] (client) hmr update /src/components/Scanner.tsx, /src/index.css
3:53:02 PM [vite] (client) hmr update /src/components/Scanner.tsx, /src/index.css
3:57:03 PM [vite] (client) hmr update /src/index.css, /src/features/customer/pages/CheckoutPage.tsx
3:57:19 PM [vite] (client) hmr update /src/App.tsx, /src/index.css
3:57:20 PM [vite] (client) hmr update /src/App.tsx, /src/index.css
3:57:20 PM [vite] Internal server error: Failed to resolve import "date-fns" from "src/features/customer/pages/HistoryPage.tsx". Does the file exist?
  Plugin: vite:import-analysis
  File: /home/pranshu/global-shop/src/features/customer/pages/HistoryPage.tsx:5:23
  5  |  import { useAuth } from "../../auth/AuthContext";
  6  |  import { IOrder } from "../../../shared/types";
  7  |  import { format } from "date-fns";
     |                          ^
  8  |  const HistoryPage = () => {
  9  |    _s();
      at TransformPluginContext._formatLog (file:///home/pranshu/global-shop/node_modules/vite/dist/node/chunks/config.js:28998:43)
      at TransformPluginContext.error (file:///home/pranshu/global-shop/node_modules/vite/dist/node/chunks/config.js:28995:14)
      at normalizeUrl (file:///home/pranshu/global-shop/node_modules/vite/dist/node/chunks/config.js:27118:18)
      at process.processTicksAndRejections (node:internal/process/task_queues:105:5)
      at async file:///home/pranshu/global-shop/node_modules/vite/dist/node/chunks/config.js:27176:32
      at async Promise.all (index 5)
      at async TransformPluginContext.transform (file:///home/pranshu/global-shop/node_modules/vite/dist/node/chunks/config.js:27144:4)
      at async EnvironmentPluginContainer.transform (file:///home/pranshu/global-shop/node_modules/vite/dist/node/chunks/config.js:28796:14)
      at async loadAndTransform (file:///home/pranshu/global-shop/node_modules/vite/dist/node/chunks/config.js:22669:26)
3:57:20 PM [vite] (client) Pre-transform error: Failed to resolve import "date-fns" from "src/features/customer/pages/HistoryPage.tsx". Does the file exist?
  Plugin: vite:import-analysis
  File: /home/pranshu/global-shop/src/features/customer/pages/HistoryPage.tsx:5:23
  5  |  import { useAuth } from "../../auth/AuthContext";
  6  |  import { IOrder } from "../../../shared/types";
  7  |  import { format } from "date-fns";
     |                          ^
  8  |  const HistoryPage = () => {
  9  |    _s();
3:57:21 PM [vite] Internal server error: Failed to resolve import "date-fns" from "src/features/customer/pages/HistoryPage.tsx". Does the file exist?
  Plugin: vite:import-analysis
  File: /home/pranshu/global-shop/src/features/customer/pages/HistoryPage.tsx:5:23
  5  |  import { useAuth } from "../../auth/AuthContext";
  6  |  import { IOrder } from "../../../shared/types";
  7  |  import { format } from "date-fns";
     |                          ^
  8  |  const HistoryPage = () => {
  9  |    _s();
      at TransformPluginContext._formatLog (file:///home/pranshu/global-shop/node_modules/vite/dist/node/chunks/config.js:28998:43)
      at TransformPluginContext.error (file:///home/pranshu/global-shop/node_modules/vite/dist/node/chunks/config.js:28995:14)
      at normalizeUrl (file:///home/pranshu/global-shop/node_modules/vite/dist/node/chunks/config.js:27118:18)
      at process.processTicksAndRejections (node:internal/process/task_queues:105:5)
      at async file:///home/pranshu/global-shop/node_modules/vite/dist/node/chunks/config.js:27176:32
      at async Promise.all (index 5)
      at async TransformPluginContext.transform (file:///home/pranshu/global-shop/node_modules/vite/dist/node/chunks/config.js:27144:4)
      at async EnvironmentPluginContainer.transform (file:///home/pranshu/global-shop/node_modules/vite/dist/node/chunks/config.js:28796:14)
      at async loadAndTransform (file:///home/pranshu/global-shop/node_modules/vite/dist/node/chunks/config.js:22669:26)
      at async viteTransformMiddleware (file:///home/pranshu/global-shop/node_modules/vite/dist/node/chunks/config.js:24541:20)
3:57:21 PM [vite] Internal server error: Failed to resolve import "date-fns" from "src/features/customer/pages/HistoryPage.tsx". Does the file exist?
  Plugin: vite:import-analysis
  File: /home/pranshu/global-shop/src/features/customer/pages/HistoryPage.tsx:5:23
  5  |  import { useAuth } from "../../auth/AuthContext";
  6  |  import { IOrder } from "../../../shared/types";
  7  |  import { format } from "date-fns";
     |                          ^
  8  |  const HistoryPage = () => {
  9  |    _s();
      at TransformPluginContext._formatLog (file:///home/pranshu/global-shop/node_modules/vite/dist/node/chunks/config.js:28998:43)
      at TransformPluginContext.error (file:///home/pranshu/global-shop/node_modules/vite/dist/node/chunks/config.js:28995:14)
      at normalizeUrl (file:///home/pranshu/global-shop/node_modules/vite/dist/node/chunks/config.js:27118:18)
      at process.processTicksAndRejections (node:internal/process/task_queues:105:5)
      at async file:///home/pranshu/global-shop/node_modules/vite/dist/node/chunks/config.js:27176:32
      at async Promise.all (index 5)
      at async TransformPluginContext.transform (file:///home/pranshu/global-shop/node_modules/vite/dist/node/chunks/config.js:27144:4)
      at async EnvironmentPluginContainer.transform (file:///home/pranshu/global-shop/node_modules/vite/dist/node/chunks/config.js:28796:14)
      at async loadAndTransform (file:///home/pranshu/global-shop/node_modules/vite/dist/node/chunks/config.js:22669:26)
      at async viteTransformMiddleware (file:///home/pranshu/global-shop/node_modules/vite/dist/node/chunks/config.js:24541:20)
3:57:32 PM [vite] (client) hmr update /src/index.css, /src/features/customer/pages/ProfilePage.tsx
3:59:34 PM [vite] (client) Pre-transform error: Failed to resolve import "date-fns" from "src/features/customer/pages/HistoryPage.tsx". Does the file exist?
  Plugin: vite:import-analysis
  File: /home/pranshu/global-shop/src/features/customer/pages/HistoryPage.tsx:5:23
  5  |  import { useAuth } from "../../auth/AuthContext";
  6  |  import { IOrder } from "../../../shared/types";
  7  |  import { format } from "date-fns";
     |                          ^
  8  |  const HistoryPage = () => {
  9  |    _s();
3:59:34 PM [vite] Internal server error: Failed to resolve import "date-fns" from "src/features/customer/pages/HistoryPage.tsx". Does the file exist?
  Plugin: vite:import-analysis
  File: /home/pranshu/global-shop/src/features/customer/pages/HistoryPage.tsx:5:23
  5  |  import { useAuth } from "../../auth/AuthContext";
  6  |  import { IOrder } from "../../../shared/types";
  7  |  import { format } from "date-fns";
     |                          ^
  8  |  const HistoryPage = () => {
  9  |    _s();
      at TransformPluginContext._formatLog (file:///home/pranshu/global-shop/node_modules/vite/dist/node/chunks/config.js:28998:43)
      at TransformPluginContext.error (file:///home/pranshu/global-shop/node_modules/vite/dist/node/chunks/config.js:28995:14)
      at normalizeUrl (file:///home/pranshu/global-shop/node_modules/vite/dist/node/chunks/config.js:27118:18)
      at process.processTicksAndRejections (node:internal/process/task_queues:105:5)
      at async file:///home/pranshu/global-shop/node_modules/vite/dist/node/chunks/config.js:27176:32
      at async Promise.all (index 5)
      at async TransformPluginContext.transform (file:///home/pranshu/global-shop/node_modules/vite/dist/node/chunks/config.js:27144:4)
      at async EnvironmentPluginContainer.transform (file:///home/pranshu/global-shop/node_modules/vite/dist/node/chunks/config.js:28796:14)
      at async loadAndTransform (file:///home/pranshu/global-shop/node_modules/vite/dist/node/chunks/config.js:22669:26)
      at async viteTransformMiddleware (file:///home/pranshu/global-shop/node_modules/vite/dist/node/chunks/config.js:24541:20)
4:00:13 PM [vite] (client) hmr update /src/index.css, /src/App.tsx
4:00:15 PM [vite] (client) hmr update /src/index.css, /src/features/customer/pages/CheckoutPage.tsx, /src/features/customer/pages/HistoryPage.tsx
4:00:15 PM [vite] (client) Pre-transform error: Transform failed with 1 error:
/home/pranshu/global-shop/src/features/orders/services/order.service.ts:49:10: ERROR: Unexpected "catch"
  Plugin: vite:esbuild
  File: /home/pranshu/global-shop/src/features/orders/services/order.service.ts:49:10
  
  Unexpected "catch"
  47 |              const result = await verifyFnCorrect({ orderId, paymentId });
  48 |              return result.data;
  49 |          } catch (error) {
     |            ^
  50 |              console.warn("Cloud Function failed (likely not deployed), falling back to client-side update for DEMO ON...
  51 |  
  
4:00:15 PM [vite] Internal server error: Transform failed with 1 error:
/home/pranshu/global-shop/src/features/orders/services/order.service.ts:49:10: ERROR: Unexpected "catch"
  Plugin: vite:esbuild
  File: /home/pranshu/global-shop/src/features/orders/services/order.service.ts:49:10
  
  Unexpected "catch"
  47 |              const result = await verifyFnCorrect({ orderId, paymentId });
  48 |              return result.data;
  49 |          } catch (error) {
     |            ^
  50 |              console.warn("Cloud Function failed (likely not deployed), falling back to client-side update for DEMO ON...
  51 |  
  
      at failureErrorWithLog (/home/pranshu/global-shop/node_modules/esbuild/lib/main.js:1467:15)
      at /home/pranshu/global-shop/node_modules/esbuild/lib/main.js:736:50
      at responseCallbacks.<computed> (/home/pranshu/global-shop/node_modules/esbuild/lib/main.js:603:9)
      at handleIncomingPacket (/home/pranshu/global-shop/node_modules/esbuild/lib/main.js:658:12)
      at Socket.readFromStdout (/home/pranshu/global-shop/node_modules/esbuild/lib/main.js:581:7)
      at Socket.emit (node:events:518:28)
      at addChunk (node:internal/streams/readable:561:12)
      at readableAddChunkPushByteMode (node:internal/streams/readable:512:3)
      at Readable.push (node:internal/streams/readable:392:5)
      at Pipe.onStreamRead (node:internal/stream_base_commons:189:23)
4:00:15 PM [vite] (client) Pre-transform error: Transform failed with 1 error:
/home/pranshu/global-shop/src/features/orders/services/order.service.ts:49:10: ERROR: Unexpected "catch"
  Plugin: vite:esbuild
  File: /home/pranshu/global-shop/src/features/orders/services/order.service.ts:49:10
  
  Unexpected "catch"
  47 |              const result = await verifyFnCorrect({ orderId, paymentId });
  48 |              return result.data;
  49 |          } catch (error) {
     |            ^
  50 |              console.warn("Cloud Function failed (likely not deployed), falling back to client-side update for DEMO ON...
  51 |  
  
4:00:15 PM [vite] Internal server error: Transform failed with 1 error:
/home/pranshu/global-shop/src/features/orders/services/order.service.ts:49:10: ERROR: Unexpected "catch"
  Plugin: vite:esbuild
  File: /home/pranshu/global-shop/src/features/orders/services/order.service.ts:49:10
  
  Unexpected "catch"
  47 |              const result = await verifyFnCorrect({ orderId, paymentId });
  48 |              return result.data;
  49 |          } catch (error) {
     |            ^
  50 |              console.warn("Cloud Function failed (likely not deployed), falling back to client-side update for DEMO ON...
  51 |  
  
      at failureErrorWithLog (/home/pranshu/global-shop/node_modules/esbuild/lib/main.js:1467:15)
      at /home/pranshu/global-shop/node_modules/esbuild/lib/main.js:736:50
      at responseCallbacks.<computed> (/home/pranshu/global-shop/node_modules/esbuild/lib/main.js:603:9)
      at handleIncomingPacket (/home/pranshu/global-shop/node_modules/esbuild/lib/main.js:658:12)
      at Socket.readFromStdout (/home/pranshu/global-shop/node_modules/esbuild/lib/main.js:581:7)
      at Socket.emit (node:events:518:28)
      at addChunk (node:internal/streams/readable:561:12)
      at readableAddChunkPushByteMode (node:internal/streams/readable:512:3)
      at Readable.push (node:internal/streams/readable:392:5)
      at Pipe.onStreamRead (node:internal/stream_base_commons:189:23)
4:00:55 PM [vite] Internal server error: Transform failed with 1 error:
/home/pranshu/global-shop/src/features/orders/services/order.service.ts:49:10: ERROR: Unexpected "catch"
  Plugin: vite:esbuild
  File: /home/pranshu/global-shop/src/features/orders/services/order.service.ts:49:10
  
  Unexpected "catch"
  47 |              const result = await verifyFnCorrect({ orderId, paymentId });
  48 |              return result.data;
  49 |          } catch (error) {
     |            ^
  50 |              console.warn("Cloud Function failed (likely not deployed), falling back to client-side update for DEMO ON...
  51 |  
  
      at failureErrorWithLog (/home/pranshu/global-shop/node_modules/esbuild/lib/main.js:1467:15)
      at /home/pranshu/global-shop/node_modules/esbuild/lib/main.js:736:50
      at responseCallbacks.<computed> (/home/pranshu/global-shop/node_modules/esbuild/lib/main.js:603:9)
      at handleIncomingPacket (/home/pranshu/global-shop/node_modules/esbuild/lib/main.js:658:12)
      at Socket.readFromStdout (/home/pranshu/global-shop/node_modules/esbuild/lib/main.js:581:7)
      at Socket.emit (node:events:518:28)
      at addChunk (node:internal/streams/readable:561:12)
      at readableAddChunkPushByteMode (node:internal/streams/readable:512:3)
      at Readable.push (node:internal/streams/readable:392:5)
      at Pipe.onStreamRead (node:internal/stream_base_commons:189:23)
4:01:00 PM [vite] Internal server error: Transform failed with 1 error:
/home/pranshu/global-shop/src/features/orders/services/order.service.ts:49:10: ERROR: Unexpected "catch"
  Plugin: vite:esbuild
  File: /home/pranshu/global-shop/src/features/orders/services/order.service.ts:49:10
  
  Unexpected "catch"
  47 |              const result = await verifyFnCorrect({ orderId, paymentId });
  48 |              return result.data;
  49 |          } catch (error) {
     |            ^
  50 |              console.warn("Cloud Function failed (likely not deployed), falling back to client-side update for DEMO ON...
  51 |  
  
      at failureErrorWithLog (/home/pranshu/global-shop/node_modules/esbuild/lib/main.js:1467:15)
      at /home/pranshu/global-shop/node_modules/esbuild/lib/main.js:736:50
      at responseCallbacks.<computed> (/home/pranshu/global-shop/node_modules/esbuild/lib/main.js:603:9)
      at handleIncomingPacket (/home/pranshu/global-shop/node_modules/esbuild/lib/main.js:658:12)
      at Socket.readFromStdout (/home/pranshu/global-shop/node_modules/esbuild/lib/main.js:581:7)
      at Socket.emit (node:events:518:28)
      at addChunk (node:internal/streams/readable:561:12)
      at readableAddChunkPushByteMode (node:internal/streams/readable:512:3)
      at Readable.push (node:internal/streams/readable:392:5)
      at Pipe.onStreamRead (node:internal/stream_base_commons:189:23)
4:01:20 PM [vite] Internal server error: Transform failed with 1 error:
/home/pranshu/global-shop/src/features/orders/services/order.service.ts:49:10: ERROR: Unexpected "catch"
  Plugin: vite:esbuild
  File: /home/pranshu/global-shop/src/features/orders/services/order.service.ts:49:10
  
  Unexpected "catch"
  47 |              const result = await verifyFnCorrect({ orderId, paymentId });
  48 |              return result.data;
  49 |          } catch (error) {
     |            ^
  50 |              console.warn("Cloud Function failed (likely not deployed), falling back to client-side update for DEMO ON...
  51 |  
  
      at failureErrorWithLog (/home/pranshu/global-shop/node_modules/esbuild/lib/main.js:1467:15)
      at /home/pranshu/global-shop/node_modules/esbuild/lib/main.js:736:50
      at responseCallbacks.<computed> (/home/pranshu/global-shop/node_modules/esbuild/lib/main.js:603:9)
      at handleIncomingPacket (/home/pranshu/global-shop/node_modules/esbuild/lib/main.js:658:12)
      at Socket.readFromStdout (/home/pranshu/global-shop/node_modules/esbuild/lib/main.js:581:7)
      at Socket.emit (node:events:518:28)
      at addChunk (node:internal/streams/readable:561:12)
      at readableAddChunkPushByteMode (node:internal/streams/readable:512:3)
      at Readable.push (node:internal/streams/readable:392:5)
      at Pipe.onStreamRead (node:internal/stream_base_commons:189:23)
4:01:27 PM [vite] (client) hmr update /src/index.css, /src/features/customer/pages/CheckoutPage.tsx, /src/features/customer/pages/HistoryPage.tsx
4:05:56 PM [vite] (client) hmr update /src/index.css, /src/features/customer/pages/CheckoutPage.tsx, /src/features/customer/pages/HistoryPage.tsx
4:12:35 PM [vite] (client) hmr update /src/App.tsx, /src/index.css
